---
source: parser/src/lib.rs
expression: parse_stmts(input)
---
[
  {
    "id": 0,
    "kind": {
      "Local": {
        "id": 0,
        "name": {
          "Ident": [
            {
              "name": {
                "unstable_source": "a"
              },
              "span": {
                "start": 15,
                "end": 16
              }
            },
            {
              "start": 15,
              "end": 16
            }
          ]
        },
        "ty": null,
        "init": {
          "id": 0,
          "kind": {
            "Lit": {
              "span": {
                "start": 19,
                "end": 20
              },
              "kind": {
                "Number": {
                  "unstable_source": "1"
                }
              }
            }
          },
          "span": {
            "start": 19,
            "end": 20
          },
          "ty": null
        },
        "span": {
          "start": 11,
          "end": 20
        }
      }
    },
    "span": {
      "start": 11,
      "end": 20
    },
    "has_semi": false
  },
  {
    "id": 0,
    "kind": {
      "Local": {
        "id": 0,
        "name": {
          "Ident": [
            {
              "name": {
                "unstable_source": "b"
              },
              "span": {
                "start": 35,
                "end": 36
              }
            },
            {
              "start": 35,
              "end": 36
            }
          ]
        },
        "ty": null,
        "init": {
          "id": 0,
          "kind": {
            "Lit": {
              "span": {
                "start": 39,
                "end": 40
              },
              "kind": {
                "Number": {
                  "unstable_source": "2"
                }
              }
            }
          },
          "span": {
            "start": 39,
            "end": 40
          },
          "ty": null
        },
        "span": {
          "start": 31,
          "end": 40
        }
      }
    },
    "span": {
      "start": 31,
      "end": 40
    },
    "has_semi": false
  },
  {
    "id": 0,
    "kind": {
      "Local": {
        "id": 0,
        "name": {
          "Ident": [
            {
              "name": {
                "unstable_source": "c"
              },
              "span": {
                "start": 55,
                "end": 56
              }
            },
            {
              "start": 55,
              "end": 56
            }
          ]
        },
        "ty": null,
        "init": {
          "id": 0,
          "kind": {
            "Lit": {
              "span": {
                "start": 59,
                "end": 62
              },
              "kind": {
                "Number": {
                  "unstable_source": "3.4"
                }
              }
            }
          },
          "span": {
            "start": 59,
            "end": 62
          },
          "ty": null
        },
        "span": {
          "start": 51,
          "end": 62
        }
      }
    },
    "span": {
      "start": 51,
      "end": 62
    },
    "has_semi": false
  }
]
